// Jest Snapshot v1, https://goo.gl/fbAQLP

exports[`<RepoListItem /> should render a ListItem 1`] = `
<li
  class="Wrapper-osrvfe-0 XyvfY"
>
  <div
    class="Item-zl5iiz-0 kOFPso"
  >
    <div
      class="Wrapper-sc-1ao1rhn-0 fHsJpF"
    >
      <a
        class="A-sc-1ot2mkk-0 RepoLink-sc-1y3ag6n-0 fHZPKm"
        href="https://github.com/react-boilerplate/react-boilerplate"
        target="_blank"
      >
        mxstbr/react-boilerplate
      </a>
      <a
        class="A-sc-1ot2mkk-0 IssueLink-p5gc9e-0 dhAunE"
        href="https://github.com/react-boilerplate/react-boilerplate/issues"
        target="_blank"
      >
        <svg
          class="IssueIcon-sc-1ssqq0d-0 ktfMaK"
          height="1em"
          width="0.875em"
        >
          <path
            d="M7 2.3c3.14 0 5.7 2.56 5.7 5.7S10.14 13.7 7 13.7 1.3 11.14 1.3 8s2.56-5.7 5.7-5.7m0-1.3C3.14 1 0 4.14 0 8s3.14 7 7 7 7-3.14 7-7S10.86 1 7 1z m1 3H6v5h2V4z m0 6H6v2h2V10z"
          />
        </svg>
        <span>
          20
        </span>
      </a>
    </div>
  </div>
</li>
`;
