// Jest Snapshot v1, https://goo.gl/fbAQLP

exports[`<Footer /> should render and match the snapshot 1`] = `
<footer
  className="Wrapper-sc-1qkw75u-0 fUNEsg"
>
  <section>
    <span>
      This project is licensed under the MIT license.
    </span>
  </section>
  <section>
    <div
      className="Wrapper-vds4a3-0 kUMZyf"
    >
      <select
        className="Select-hz8i2d-0 kHFlBd"
        onChange={[Function]}
        value="en"
      >
        <option
          value="en"
        >
          en
        </option>
        <option
          value="de"
        >
          de
        </option>
      </select>
    </div>
  </section>
  <section>
    <span>

      Made with love by
      <a
        className="A-sc-1ot2mkk-0 cmKouL"
        href="https://twitter.com/mxstbr"
      >
        Max Stoiber
      </a>
      .

    </span>
  </section>
</footer>
`;
