// Jest Snapshot v1, https://goo.gl/fbAQLP

exports[`<HomePage /> should render and match the snapshot 1`] = `
<article>
  <div>
    <section
    class="Section-qlbla4-0 CenteredSection-lwyqo5-0 gqbrO"
    >
      <h2
        class="H2-noll7l-0 dhVLnM"
      >
        <span>
          Start your next react project in seconds
        </span>
      </h2>
      <p>
        <span>
          A highly scalable, offline-first foundation with the best DX and a focus on performance and best practices
        </span>
      </p>
    </section>
    <section
      class="Section-qlbla4-0 bnKHiU"
    >
      <h2
        class="H2-noll7l-0 dhVLnM"
      >
        <span>
          Try me!
        </span>
      </h2>
      <form
        class="Form-sc-886t4e-0 ljAbyP"
      >
        <label
          for="username"
        >
          <span>
            Show Github repositories by
          </span>
          <span
            class="AtPrefix-ydo8mc-0 feGRVC"
          >
            <span>
              @
            </span>
          </span>
          <input
            class="Input-sc-186f2vq-0 hHlHaK"
            id="username"
            placeholder="mxstbr"
            type="text"
            value=""
          />
        </label>
      </form>
      <div
        class="Wrapper-sc-1si60q6-0 jFwNxG"
      >
        <ul
          class="Ul-v1hj8q-0 dcUcWc"
        />
      </div>
    </section>
  </div>
</article>
`;
